------------------------------------------------------------
Timing Analyzer Summary
------------------------------------------------------------

Type  : Slow 1200mV 85C Model Setup 'clk'
Slack : -5.483
TNS   : -161.069

Type  : Slow 1200mV 85C Model Setup 'main_state_machine:MAQUINA_ESTADOS|idle'
Slack : -5.004
TNS   : -5.004

Type  : Slow 1200mV 85C Model Setup 'main_state_machine:MAQUINA_ESTADOS|pack'
Slack : -4.985
TNS   : -103.058

Type  : Slow 1200mV 85C Model Setup 'DHT11:SENSOR|clk_1mhz'
Slack : -3.545
TNS   : -303.674

Type  : Slow 1200mV 85C Model Setup 'uart:UART|receiver:uart_rx|rdy'
Slack : -0.312
TNS   : -0.993

Type  : Slow 1200mV 85C Model Setup 'request_separator:SEPARADOR|DONE'
Slack : 0.236
TNS   : 0.000

Type  : Slow 1200mV 85C Model Hold 'request_separator:SEPARADOR|DONE'
Slack : 0.360
TNS   : 0.000

Type  : Slow 1200mV 85C Model Hold 'clk'
Slack : 0.410
TNS   : 0.000

Type  : Slow 1200mV 85C Model Hold 'DHT11:SENSOR|clk_1mhz'
Slack : 0.411
TNS   : 0.000

Type  : Slow 1200mV 85C Model Hold 'uart:UART|receiver:uart_rx|rdy'
Slack : 0.416
TNS   : 0.000

Type  : Slow 1200mV 85C Model Hold 'main_state_machine:MAQUINA_ESTADOS|pack'
Slack : 0.678
TNS   : 0.000

Type  : Slow 1200mV 85C Model Hold 'main_state_machine:MAQUINA_ESTADOS|idle'
Slack : 2.191
TNS   : 0.000

Type  : Slow 1200mV 85C Model Recovery 'DHT11:SENSOR|clk_1mhz'
Slack : -1.449
TNS   : -94.270

Type  : Slow 1200mV 85C Model Recovery 'request_separator:SEPARADOR|DONE'
Slack : -0.145
TNS   : -0.145

Type  : Slow 1200mV 85C Model Removal 'request_separator:SEPARADOR|DONE'
Slack : 0.253
TNS   : 0.000

Type  : Slow 1200mV 85C Model Removal 'DHT11:SENSOR|clk_1mhz'
Slack : 1.432
TNS   : 0.000

Type  : Slow 1200mV 85C Model Minimum Pulse Width 'clk'
Slack : -3.000
TNS   : -108.370

Type  : Slow 1200mV 85C Model Minimum Pulse Width 'DHT11:SENSOR|clk_1mhz'
Slack : -1.285
TNS   : -173.475

Type  : Slow 1200mV 85C Model Minimum Pulse Width 'main_state_machine:MAQUINA_ESTADOS|pack'
Slack : -1.285
TNS   : -28.270

Type  : Slow 1200mV 85C Model Minimum Pulse Width 'uart:UART|receiver:uart_rx|rdy'
Slack : -1.285
TNS   : -6.425

Type  : Slow 1200mV 85C Model Minimum Pulse Width 'request_separator:SEPARADOR|DONE'
Slack : -1.285
TNS   : -1.285

Type  : Slow 1200mV 85C Model Minimum Pulse Width 'main_state_machine:MAQUINA_ESTADOS|idle'
Slack : 0.416
TNS   : 0.000

Type  : Slow 1200mV 0C Model Setup 'clk'
Slack : -4.994
TNS   : -140.285

Type  : Slow 1200mV 0C Model Setup 'main_state_machine:MAQUINA_ESTADOS|idle'
Slack : -4.544
TNS   : -4.544

Type  : Slow 1200mV 0C Model Setup 'main_state_machine:MAQUINA_ESTADOS|pack'
Slack : -4.443
TNS   : -91.950

Type  : Slow 1200mV 0C Model Setup 'DHT11:SENSOR|clk_1mhz'
Slack : -3.183
TNS   : -268.422

Type  : Slow 1200mV 0C Model Setup 'uart:UART|receiver:uart_rx|rdy'
Slack : -0.197
TNS   : -0.591

Type  : Slow 1200mV 0C Model Setup 'request_separator:SEPARADOR|DONE'
Slack : 0.277
TNS   : 0.000

Type  : Slow 1200mV 0C Model Hold 'request_separator:SEPARADOR|DONE'
Slack : 0.320
TNS   : 0.000

Type  : Slow 1200mV 0C Model Hold 'clk'
Slack : 0.360
TNS   : 0.000

Type  : Slow 1200mV 0C Model Hold 'DHT11:SENSOR|clk_1mhz'
Slack : 0.361
TNS   : 0.000

Type  : Slow 1200mV 0C Model Hold 'uart:UART|receiver:uart_rx|rdy'
Slack : 0.372
TNS   : 0.000

Type  : Slow 1200mV 0C Model Hold 'main_state_machine:MAQUINA_ESTADOS|pack'
Slack : 0.611
TNS   : 0.000

Type  : Slow 1200mV 0C Model Hold 'main_state_machine:MAQUINA_ESTADOS|idle'
Slack : 1.951
TNS   : 0.000

Type  : Slow 1200mV 0C Model Recovery 'DHT11:SENSOR|clk_1mhz'
Slack : -1.263
TNS   : -80.747

Type  : Slow 1200mV 0C Model Recovery 'request_separator:SEPARADOR|DONE'
Slack : -0.031
TNS   : -0.031

Type  : Slow 1200mV 0C Model Removal 'request_separator:SEPARADOR|DONE'
Slack : 0.237
TNS   : 0.000

Type  : Slow 1200mV 0C Model Removal 'DHT11:SENSOR|clk_1mhz'
Slack : 1.307
TNS   : 0.000

Type  : Slow 1200mV 0C Model Minimum Pulse Width 'clk'
Slack : -3.000
TNS   : -108.370

Type  : Slow 1200mV 0C Model Minimum Pulse Width 'DHT11:SENSOR|clk_1mhz'
Slack : -1.285
TNS   : -173.475

Type  : Slow 1200mV 0C Model Minimum Pulse Width 'main_state_machine:MAQUINA_ESTADOS|pack'
Slack : -1.285
TNS   : -28.270

Type  : Slow 1200mV 0C Model Minimum Pulse Width 'uart:UART|receiver:uart_rx|rdy'
Slack : -1.285
TNS   : -6.425

Type  : Slow 1200mV 0C Model Minimum Pulse Width 'request_separator:SEPARADOR|DONE'
Slack : -1.285
TNS   : -1.285

Type  : Slow 1200mV 0C Model Minimum Pulse Width 'main_state_machine:MAQUINA_ESTADOS|idle'
Slack : 0.430
TNS   : 0.000

Type  : Fast 1200mV 0C Model Setup 'clk'
Slack : -2.295
TNS   : -38.964

Type  : Fast 1200mV 0C Model Setup 'main_state_machine:MAQUINA_ESTADOS|idle'
Slack : -2.240
TNS   : -2.240

Type  : Fast 1200mV 0C Model Setup 'main_state_machine:MAQUINA_ESTADOS|pack'
Slack : -1.931
TNS   : -39.738

Type  : Fast 1200mV 0C Model Setup 'DHT11:SENSOR|clk_1mhz'
Slack : -1.256
TNS   : -81.770

Type  : Fast 1200mV 0C Model Setup 'request_separator:SEPARADOR|DONE'
Slack : 0.355
TNS   : 0.000

Type  : Fast 1200mV 0C Model Setup 'uart:UART|receiver:uart_rx|rdy'
Slack : 0.367
TNS   : 0.000

Type  : Fast 1200mV 0C Model Hold 'DHT11:SENSOR|clk_1mhz'
Slack : 0.185
TNS   : 0.000

Type  : Fast 1200mV 0C Model Hold 'clk'
Slack : 0.185
TNS   : 0.000

Type  : Fast 1200mV 0C Model Hold 'uart:UART|receiver:uart_rx|rdy'
Slack : 0.192
TNS   : 0.000

Type  : Fast 1200mV 0C Model Hold 'main_state_machine:MAQUINA_ESTADOS|pack'
Slack : 0.262
TNS   : 0.000

Type  : Fast 1200mV 0C Model Hold 'request_separator:SEPARADOR|DONE'
Slack : 0.439
TNS   : 0.000

Type  : Fast 1200mV 0C Model Hold 'main_state_machine:MAQUINA_ESTADOS|idle'
Slack : 1.010
TNS   : 0.000

Type  : Fast 1200mV 0C Model Recovery 'DHT11:SENSOR|clk_1mhz'
Slack : -0.309
TNS   : -13.174

Type  : Fast 1200mV 0C Model Recovery 'request_separator:SEPARADOR|DONE'
Slack : 0.071
TNS   : 0.000

Type  : Fast 1200mV 0C Model Removal 'request_separator:SEPARADOR|DONE'
Slack : 0.154
TNS   : 0.000

Type  : Fast 1200mV 0C Model Removal 'DHT11:SENSOR|clk_1mhz'
Slack : 0.688
TNS   : 0.000

Type  : Fast 1200mV 0C Model Minimum Pulse Width 'clk'
Slack : -3.000
TNS   : -89.467

Type  : Fast 1200mV 0C Model Minimum Pulse Width 'DHT11:SENSOR|clk_1mhz'
Slack : -1.000
TNS   : -135.000

Type  : Fast 1200mV 0C Model Minimum Pulse Width 'main_state_machine:MAQUINA_ESTADOS|pack'
Slack : -1.000
TNS   : -22.000

Type  : Fast 1200mV 0C Model Minimum Pulse Width 'uart:UART|receiver:uart_rx|rdy'
Slack : -1.000
TNS   : -5.000

Type  : Fast 1200mV 0C Model Minimum Pulse Width 'request_separator:SEPARADOR|DONE'
Slack : -1.000
TNS   : -1.000

Type  : Fast 1200mV 0C Model Minimum Pulse Width 'main_state_machine:MAQUINA_ESTADOS|idle'
Slack : 0.442
TNS   : 0.000

------------------------------------------------------------
