Analysis & Synthesis report for SensorDigital
Tue Sep 26 02:52:43 2023
Quartus Prime Version 22.1std.2 Build 922 07/20/2023 SC Lite Edition


---------------------
; Table of Contents ;
---------------------
  1. Legal Notice
  2. Analysis & Synthesis Summary
  3. Analysis & Synthesis Settings
  4. Parallel Compilation
  5. Analysis & Synthesis Source Files Read
  6. Analysis & Synthesis Resource Usage Summary
  7. Analysis & Synthesis Resource Utilization by Entity
  8. State Machine - |main|DHT11:SENSOR|state
  9. State Machine - |main|uart:UART|receiver:uart_rx|state
 10. State Machine - |main|uart:UART|transmitter:uart_tx|state
 11. Registers Removed During Synthesis
 12. General Register Statistics
 13. Inverted Register Statistics
 14. Multiplexer Restructuring Statistics (Restructuring Performed)
 15. Parameter Settings for User Entity Instance: uart:UART|baud_rate_gen:uart_baud
 16. Parameter Settings for User Entity Instance: uart:UART|transmitter:uart_tx
 17. Parameter Settings for User Entity Instance: uart:UART|receiver:uart_rx
 18. Port Connectivity Checks: "main_state_machine:MAQUINA_ESTADOS"
 19. Port Connectivity Checks: "request_separator:SEPARADOR"
 20. Port Connectivity Checks: "DHT11:SENSOR"
 21. Port Connectivity Checks: "uart:UART"
 22. Post-Synthesis Netlist Statistics for Top Partition
 23. Elapsed Time Per Partition
 24. Analysis & Synthesis Messages
 25. Analysis & Synthesis Suppressed Messages



----------------
; Legal Notice ;
----------------
Copyright (C) 2023  Intel Corporation. All rights reserved.
Your use of Intel Corporation's design tools, logic functions 
and other software and tools, and any partner logic 
functions, and any output files from any of the foregoing 
(including device programming or simulation files), and any 
associated documentation or information are expressly subject 
to the terms and conditions of the Intel Program License 
Subscription Agreement, the Intel Quartus Prime License Agreement,
the Intel FPGA IP License Agreement, or other applicable license
agreement, including, without limitation, that your use is for
the sole purpose of programming logic devices manufactured by
Intel and sold by Intel or its authorized distributors.  Please
refer to the applicable agreement for further details, at
https://fpgasoftware.intel.com/eula.



+-------------------------------------------------------------------------------------+
; Analysis & Synthesis Summary                                                        ;
+------------------------------------+------------------------------------------------+
; Analysis & Synthesis Status        ; Successful - Tue Sep 26 02:52:43 2023          ;
; Quartus Prime Version              ; 22.1std.2 Build 922 07/20/2023 SC Lite Edition ;
; Revision Name                      ; SensorDigital                                  ;
; Top-level Entity Name              ; main                                           ;
; Family                             ; Cyclone IV E                                   ;
; Total logic elements               ; 412                                            ;
;     Total combinational functions  ; 363                                            ;
;     Dedicated logic registers      ; 245                                            ;
; Total registers                    ; 245                                            ;
; Total pins                         ; 4                                              ;
; Total virtual pins                 ; 0                                              ;
; Total memory bits                  ; 0                                              ;
; Embedded Multiplier 9-bit elements ; 0                                              ;
; Total PLLs                         ; 0                                              ;
+------------------------------------+------------------------------------------------+


+------------------------------------------------------------------------------------------------------------+
; Analysis & Synthesis Settings                                                                              ;
+------------------------------------------------------------------+--------------------+--------------------+
; Option                                                           ; Setting            ; Default Value      ;
+------------------------------------------------------------------+--------------------+--------------------+
; Device                                                           ; EP4CE30F23C7       ;                    ;
; Top-level entity name                                            ; main               ; SensorDigital      ;
; Family name                                                      ; Cyclone IV E       ; Cyclone V          ;
; Use smart compilation                                            ; Off                ; Off                ;
; Enable parallel Assembler and Timing Analyzer during compilation ; On                 ; On                 ;
; Enable compact report table                                      ; Off                ; Off                ;
; Restructure Multiplexers                                         ; Auto               ; Auto               ;
; Create Debugging Nodes for IP Cores                              ; Off                ; Off                ;
; Preserve fewer node names                                        ; On                 ; On                 ;
; Intel FPGA IP Evaluation Mode                                    ; Enable             ; Enable             ;
; Verilog Version                                                  ; Verilog_2001       ; Verilog_2001       ;
; VHDL Version                                                     ; VHDL_1993          ; VHDL_1993          ;
; State Machine Processing                                         ; Auto               ; Auto               ;
; Safe State Machine                                               ; Off                ; Off                ;
; Extract Verilog State Machines                                   ; On                 ; On                 ;
; Extract VHDL State Machines                                      ; On                 ; On                 ;
; Ignore Verilog initial constructs                                ; Off                ; Off                ;
; Iteration limit for constant Verilog loops                       ; 5000               ; 5000               ;
; Iteration limit for non-constant Verilog loops                   ; 250                ; 250                ;
; Add Pass-Through Logic to Inferred RAMs                          ; On                 ; On                 ;
; Infer RAMs from Raw Logic                                        ; On                 ; On                 ;
; Parallel Synthesis                                               ; On                 ; On                 ;
; DSP Block Balancing                                              ; Auto               ; Auto               ;
; NOT Gate Push-Back                                               ; On                 ; On                 ;
; Power-Up Don't Care                                              ; On                 ; On                 ;
; Remove Redundant Logic Cells                                     ; Off                ; Off                ;
; Remove Duplicate Registers                                       ; On                 ; On                 ;
; Ignore CARRY Buffers                                             ; Off                ; Off                ;
; Ignore CASCADE Buffers                                           ; Off                ; Off                ;
; Ignore GLOBAL Buffers                                            ; Off                ; Off                ;
; Ignore ROW GLOBAL Buffers                                        ; Off                ; Off                ;
; Ignore LCELL Buffers                                             ; Off                ; Off                ;
; Ignore SOFT Buffers                                              ; On                 ; On                 ;
; Limit AHDL Integers to 32 Bits                                   ; Off                ; Off                ;
; Optimization Technique                                           ; Balanced           ; Balanced           ;
; Carry Chain Length                                               ; 70                 ; 70                 ;
; Auto Carry Chains                                                ; On                 ; On                 ;
; Auto Open-Drain Pins                                             ; On                 ; On                 ;
; Perform WYSIWYG Primitive Resynthesis                            ; Off                ; Off                ;
; Auto ROM Replacement                                             ; On                 ; On                 ;
; Auto RAM Replacement                                             ; On                 ; On                 ;
; Auto DSP Block Replacement                                       ; On                 ; On                 ;
; Auto Shift Register Replacement                                  ; Auto               ; Auto               ;
; Allow Shift Register Merging across Hierarchies                  ; Auto               ; Auto               ;
; Auto Clock Enable Replacement                                    ; On                 ; On                 ;
; Strict RAM Replacement                                           ; Off                ; Off                ;
; Allow Synchronous Control Signals                                ; On                 ; On                 ;
; Force Use of Synchronous Clear Signals                           ; Off                ; Off                ;
; Auto RAM Block Balancing                                         ; On                 ; On                 ;
; Auto RAM to Logic Cell Conversion                                ; Off                ; Off                ;
; Auto Resource Sharing                                            ; Off                ; Off                ;
; Allow Any RAM Size For Recognition                               ; Off                ; Off                ;
; Allow Any ROM Size For Recognition                               ; Off                ; Off                ;
; Allow Any Shift Register Size For Recognition                    ; Off                ; Off                ;
; Use LogicLock Constraints during Resource Balancing              ; On                 ; On                 ;
; Ignore translate_off and synthesis_off directives                ; Off                ; Off                ;
; Timing-Driven Synthesis                                          ; On                 ; On                 ;
; Report Parameter Settings                                        ; On                 ; On                 ;
; Report Source Assignments                                        ; On                 ; On                 ;
; Report Connectivity Checks                                       ; On                 ; On                 ;
; Ignore Maximum Fan-Out Assignments                               ; Off                ; Off                ;
; Synchronization Register Chain Length                            ; 2                  ; 2                  ;
; Power Optimization During Synthesis                              ; Normal compilation ; Normal compilation ;
; HDL message level                                                ; Level2             ; Level2             ;
; Suppress Register Optimization Related Messages                  ; Off                ; Off                ;
; Number of Removed Registers Reported in Synthesis Report         ; 5000               ; 5000               ;
; Number of Swept Nodes Reported in Synthesis Report               ; 5000               ; 5000               ;
; Number of Inverted Registers Reported in Synthesis Report        ; 100                ; 100                ;
; Clock MUX Protection                                             ; On                 ; On                 ;
; Auto Gated Clock Conversion                                      ; Off                ; Off                ;
; Block Design Naming                                              ; Auto               ; Auto               ;
; SDC constraint protection                                        ; Off                ; Off                ;
; Synthesis Effort                                                 ; Auto               ; Auto               ;
; Shift Register Replacement - Allow Asynchronous Clear Signal     ; On                 ; On                 ;
; Pre-Mapping Resynthesis Optimization                             ; Off                ; Off                ;
; Analysis & Synthesis Message Level                               ; Medium             ; Medium             ;
; Disable Register Merging Across Hierarchies                      ; Auto               ; Auto               ;
; Resource Aware Inference For Block RAM                           ; On                 ; On                 ;
+------------------------------------------------------------------+--------------------+--------------------+


+------------------------------------------+
; Parallel Compilation                     ;
+----------------------------+-------------+
; Processors                 ; Number      ;
+----------------------------+-------------+
; Number detected on machine ; 12          ;
; Maximum allowed            ; 6           ;
;                            ;             ;
; Average used               ; 1.00        ;
; Maximum used               ; 6           ;
;                            ;             ;
; Usage by Processor         ; % Time Used ;
;     Processor 1            ; 100.0%      ;
;     Processor 2            ;   0.0%      ;
;     Processors 3-6         ;   0.0%      ;
+----------------------------+-------------+


+-------------------------------------------------------------------------------------------------------------------------------------------------------------------------------------------------------------+
; Analysis & Synthesis Source Files Read                                                                                                                                                                      ;
+----------------------------------+-----------------+------------------------+---------------------------------------------------------------------------------------------------------------------+---------+
; File Name with User-Entered Path ; Used in Netlist ; File Type              ; File Name with Absolute Path                                                                                        ; Library ;
+----------------------------------+-----------------+------------------------+---------------------------------------------------------------------------------------------------------------------+---------+
; baud_rate_gen.v                  ; yes             ; User Verilog HDL File  ; C:/Users/vitin/OneDrive/Documentos/GitHub/Sensor-Digital-em-FPGA-utilizando-Comunicacao-Serial/baud_rate_gen.v      ;         ;
; receiver.v                       ; yes             ; User Verilog HDL File  ; C:/Users/vitin/OneDrive/Documentos/GitHub/Sensor-Digital-em-FPGA-utilizando-Comunicacao-Serial/receiver.v           ;         ;
; transmitter.v                    ; yes             ; User Verilog HDL File  ; C:/Users/vitin/OneDrive/Documentos/GitHub/Sensor-Digital-em-FPGA-utilizando-Comunicacao-Serial/transmitter.v        ;         ;
; uart.v                           ; yes             ; User Verilog HDL File  ; C:/Users/vitin/OneDrive/Documentos/GitHub/Sensor-Digital-em-FPGA-utilizando-Comunicacao-Serial/uart.v               ;         ;
; data_selector.v                  ; yes             ; User Verilog HDL File  ; C:/Users/vitin/OneDrive/Documentos/GitHub/Sensor-Digital-em-FPGA-utilizando-Comunicacao-Serial/data_selector.v      ;         ;
; DHT11.v                          ; yes             ; User Verilog HDL File  ; C:/Users/vitin/OneDrive/Documentos/GitHub/Sensor-Digital-em-FPGA-utilizando-Comunicacao-Serial/DHT11.v              ;         ;
; instr_decoder.v                  ; yes             ; User Verilog HDL File  ; C:/Users/vitin/OneDrive/Documentos/GitHub/Sensor-Digital-em-FPGA-utilizando-Comunicacao-Serial/instr_decoder.v      ;         ;
; main.v                           ; yes             ; User Verilog HDL File  ; C:/Users/vitin/OneDrive/Documentos/GitHub/Sensor-Digital-em-FPGA-utilizando-Comunicacao-Serial/main.v               ;         ;
; main_state_machine.v             ; yes             ; User Verilog HDL File  ; C:/Users/vitin/OneDrive/Documentos/GitHub/Sensor-Digital-em-FPGA-utilizando-Comunicacao-Serial/main_state_machine.v ;         ;
; packer.v                         ; yes             ; User Verilog HDL File  ; C:/Users/vitin/OneDrive/Documentos/GitHub/Sensor-Digital-em-FPGA-utilizando-Comunicacao-Serial/packer.v             ;         ;
; request_separator.v              ; yes             ; User Verilog HDL File  ; C:/Users/vitin/OneDrive/Documentos/GitHub/Sensor-Digital-em-FPGA-utilizando-Comunicacao-Serial/request_separator.v  ;         ;
; send_pc.v                        ; yes             ; User Verilog HDL File  ; C:/Users/vitin/OneDrive/Documentos/GitHub/Sensor-Digital-em-FPGA-utilizando-Comunicacao-Serial/send_pc.v            ;         ;
+----------------------------------+-----------------+------------------------+---------------------------------------------------------------------------------------------------------------------+---------+


+---------------------------------------------------------------------+
; Analysis & Synthesis Resource Usage Summary                         ;
+---------------------------------------------+-----------------------+
; Resource                                    ; Usage                 ;
+---------------------------------------------+-----------------------+
; Estimated Total logic elements              ; 412                   ;
;                                             ;                       ;
; Total combinational functions               ; 363                   ;
; Logic element usage by number of LUT inputs ;                       ;
;     -- 4 input functions                    ; 148                   ;
;     -- 3 input functions                    ; 77                    ;
;     -- <=2 input functions                  ; 138                   ;
;                                             ;                       ;
; Logic elements by mode                      ;                       ;
;     -- normal mode                          ; 296                   ;
;     -- arithmetic mode                      ; 67                    ;
;                                             ;                       ;
; Total registers                             ; 245                   ;
;     -- Dedicated logic registers            ; 245                   ;
;     -- I/O registers                        ; 0                     ;
;                                             ;                       ;
; I/O pins                                    ; 4                     ;
;                                             ;                       ;
; Embedded Multiplier 9-bit elements          ; 0                     ;
;                                             ;                       ;
; Maximum fan-out node                        ; DHT11:SENSOR|clk_1mhz ;
; Maximum fan-out                             ; 135                   ;
; Total fan-out                               ; 1833                  ;
; Average fan-out                             ; 2.97                  ;
+---------------------------------------------+-----------------------+


+---------------------------------------------------------------------------------------------------------------------------------------------------------------------------------------------------------------------------------------------------+
; Analysis & Synthesis Resource Utilization by Entity                                                                                                                                                                                               ;
+-----------------------------------------+---------------------+---------------------------+-------------+--------------+---------+-----------+------+--------------+------------------------------------------+--------------------+--------------+
; Compilation Hierarchy Node              ; Combinational ALUTs ; Dedicated Logic Registers ; Memory Bits ; DSP Elements ; DSP 9x9 ; DSP 18x18 ; Pins ; Virtual Pins ; Full Hierarchy Name                      ; Entity Name        ; Library Name ;
+-----------------------------------------+---------------------+---------------------------+-------------+--------------+---------+-----------+------+--------------+------------------------------------------+--------------------+--------------+
; |main                                   ; 363 (0)             ; 245 (0)                   ; 0           ; 0            ; 0       ; 0         ; 4    ; 0            ; |main                                    ; main               ; work         ;
;    |DHT11:SENSOR|                       ; 167 (167)           ; 142 (142)                 ; 0           ; 0            ; 0       ; 0         ; 0    ; 0            ; |main|DHT11:SENSOR                       ; DHT11              ; work         ;
;    |data_selector:SELETOR|              ; 9 (9)               ; 0 (0)                     ; 0           ; 0            ; 0       ; 0         ; 0    ; 0            ; |main|data_selector:SELETOR              ; data_selector      ; work         ;
;    |instr_decoder:DECODIFICADOR|        ; 2 (2)               ; 0 (0)                     ; 0           ; 0            ; 0       ; 0         ; 0    ; 0            ; |main|instr_decoder:DECODIFICADOR        ; instr_decoder      ; work         ;
;    |main_state_machine:MAQUINA_ESTADOS| ; 8 (8)               ; 6 (6)                     ; 0           ; 0            ; 0       ; 0         ; 0    ; 0            ; |main|main_state_machine:MAQUINA_ESTADOS ; main_state_machine ; work         ;
;    |packer:ORGANIZADOR|                 ; 43 (43)             ; 22 (22)                   ; 0           ; 0            ; 0       ; 0         ; 0    ; 0            ; |main|packer:ORGANIZADOR                 ; packer             ; work         ;
;    |request_separator:SEPARADOR|        ; 5 (5)               ; 6 (6)                     ; 0           ; 0            ; 0       ; 0         ; 0    ; 0            ; |main|request_separator:SEPARADOR        ; request_separator  ; work         ;
;    |send_pc:ENVIA_PC|                   ; 23 (23)             ; 13 (13)                   ; 0           ; 0            ; 0       ; 0         ; 0    ; 0            ; |main|send_pc:ENVIA_PC                   ; send_pc            ; work         ;
;    |uart:UART|                          ; 106 (0)             ; 56 (0)                    ; 0           ; 0            ; 0       ; 0         ; 0    ; 0            ; |main|uart:UART                          ; uart               ; work         ;
;       |baud_rate_gen:uart_baud|         ; 42 (42)             ; 22 (22)                   ; 0           ; 0            ; 0       ; 0         ; 0    ; 0            ; |main|uart:UART|baud_rate_gen:uart_baud  ; baud_rate_gen      ; work         ;
;       |receiver:uart_rx|                ; 35 (35)             ; 18 (18)                   ; 0           ; 0            ; 0       ; 0         ; 0    ; 0            ; |main|uart:UART|receiver:uart_rx         ; receiver           ; work         ;
;       |transmitter:uart_tx|             ; 29 (29)             ; 16 (16)                   ; 0           ; 0            ; 0       ; 0         ; 0    ; 0            ; |main|uart:UART|transmitter:uart_tx      ; transmitter        ; work         ;
+-----------------------------------------+---------------------+---------------------------+-------------+--------------+---------+-----------+------+--------------+------------------------------------------+--------------------+--------------+
Note: For table entries with two numbers listed, the numbers in parentheses indicate the number of resources of the given type used by the specific entity alone. The numbers listed outside of parentheses indicate the total resources of the given type used by the specific entity and all of its sub-entities in the hierarchy.


Encoding Type:  One-Hot
+----------------------------------------------------------------------------------------------------------------------------------------+
; State Machine - |main|DHT11:SENSOR|state                                                                                               ;
+------------+------------+-----------+----------+----------+----------+----------+----------+----------+----------+----------+----------+
; Name       ; state.STOP ; state.s10 ; state.s9 ; state.s8 ; state.s7 ; state.s6 ; state.s5 ; state.s4 ; state.s3 ; state.s2 ; state.s1 ;
+------------+------------+-----------+----------+----------+----------+----------+----------+----------+----------+----------+----------+
; state.s1   ; 0          ; 0         ; 0        ; 0        ; 0        ; 0        ; 0        ; 0        ; 0        ; 0        ; 0        ;
; state.s2   ; 0          ; 0         ; 0        ; 0        ; 0        ; 0        ; 0        ; 0        ; 0        ; 1        ; 1        ;
; state.s3   ; 0          ; 0         ; 0        ; 0        ; 0        ; 0        ; 0        ; 0        ; 1        ; 0        ; 1        ;
; state.s4   ; 0          ; 0         ; 0        ; 0        ; 0        ; 0        ; 0        ; 1        ; 0        ; 0        ; 1        ;
; state.s5   ; 0          ; 0         ; 0        ; 0        ; 0        ; 0        ; 1        ; 0        ; 0        ; 0        ; 1        ;
; state.s6   ; 0          ; 0         ; 0        ; 0        ; 0        ; 1        ; 0        ; 0        ; 0        ; 0        ; 1        ;
; state.s7   ; 0          ; 0         ; 0        ; 0        ; 1        ; 0        ; 0        ; 0        ; 0        ; 0        ; 1        ;
; state.s8   ; 0          ; 0         ; 0        ; 1        ; 0        ; 0        ; 0        ; 0        ; 0        ; 0        ; 1        ;
; state.s9   ; 0          ; 0         ; 1        ; 0        ; 0        ; 0        ; 0        ; 0        ; 0        ; 0        ; 1        ;
; state.s10  ; 0          ; 1         ; 0        ; 0        ; 0        ; 0        ; 0        ; 0        ; 0        ; 0        ; 1        ;
; state.STOP ; 1          ; 0         ; 0        ; 0        ; 0        ; 0        ; 0        ; 0        ; 0        ; 0        ; 1        ;
+------------+------------+-----------+----------+----------+----------+----------+----------+----------+----------+----------+----------+


Encoding Type:  One-Hot
+-----------------------------------------------------------------------------------------+
; State Machine - |main|uart:UART|receiver:uart_rx|state                                  ;
+----------------------+----------------------+---------------------+---------------------+
; Name                 ; state.RX_STATE_START ; state.RX_STATE_STOP ; state.RX_STATE_DATA ;
+----------------------+----------------------+---------------------+---------------------+
; state.RX_STATE_START ; 0                    ; 0                   ; 0                   ;
; state.RX_STATE_DATA  ; 1                    ; 0                   ; 1                   ;
; state.RX_STATE_STOP  ; 1                    ; 1                   ; 0                   ;
+----------------------+----------------------+---------------------+---------------------+


Encoding Type:  One-Hot
+------------------------------------------------------------------------------------------------+
; State Machine - |main|uart:UART|transmitter:uart_tx|state                                      ;
+-------------------+------------------+------------------+-------------------+------------------+
; Name              ; state.STATE_STOP ; state.STATE_DATA ; state.STATE_START ; state.STATE_IDLE ;
+-------------------+------------------+------------------+-------------------+------------------+
; state.STATE_IDLE  ; 0                ; 0                ; 0                 ; 0                ;
; state.STATE_START ; 0                ; 0                ; 1                 ; 1                ;
; state.STATE_DATA  ; 0                ; 1                ; 0                 ; 1                ;
; state.STATE_STOP  ; 1                ; 0                ; 0                 ; 1                ;
+-------------------+------------------+------------------+-------------------+------------------+


+---------------------------------------------------------------------------------+
; Registers Removed During Synthesis                                              ;
+---------------------------------------+-----------------------------------------+
; Register name                         ; Reason for Removal                      ;
+---------------------------------------+-----------------------------------------+
; packer:ORGANIZADOR|BYTE1[6,7]         ; Merged with packer:ORGANIZADOR|BYTE1[5] ;
; DHT11:SENSOR|state~15                 ; Lost fanout                             ;
; DHT11:SENSOR|state~16                 ; Lost fanout                             ;
; DHT11:SENSOR|state~17                 ; Lost fanout                             ;
; DHT11:SENSOR|state~18                 ; Lost fanout                             ;
; uart:UART|transmitter:uart_tx|state~5 ; Lost fanout                             ;
; uart:UART|transmitter:uart_tx|state~6 ; Lost fanout                             ;
; Total Number of Removed Registers = 8 ;                                         ;
+---------------------------------------+-----------------------------------------+


+------------------------------------------------------+
; General Register Statistics                          ;
+----------------------------------------------+-------+
; Statistic                                    ; Value ;
+----------------------------------------------+-------+
; Total registers                              ; 245   ;
; Number of registers using Synchronous Clear  ; 22    ;
; Number of registers using Synchronous Load   ; 0     ;
; Number of registers using Asynchronous Clear ; 80    ;
; Number of registers using Asynchronous Load  ; 0     ;
; Number of registers using Clock Enable       ; 153   ;
; Number of registers using Preset             ; 0     ;
+----------------------------------------------+-------+


+---------------------------------------------------+
; Inverted Register Statistics                      ;
+-----------------------------------------+---------+
; Inverted Register                       ; Fan out ;
+-----------------------------------------+---------+
; uart:UART|transmitter:uart_tx|tx        ; 2       ;
; send_pc:ENVIA_PC|RESPONSE_DATA[6]       ; 1       ;
; send_pc:ENVIA_PC|RESPONSE_DATA[5]       ; 1       ;
; send_pc:ENVIA_PC|RESPONSE_DATA[4]       ; 1       ;
; send_pc:ENVIA_PC|RESPONSE_DATA[7]       ; 1       ;
; send_pc:ENVIA_PC|RESPONSE_DATA[2]       ; 1       ;
; send_pc:ENVIA_PC|RESPONSE_DATA[1]       ; 1       ;
; send_pc:ENVIA_PC|RESPONSE_DATA[0]       ; 1       ;
; send_pc:ENVIA_PC|RESPONSE_DATA[3]       ; 1       ;
; DHT11:SENSOR|dout                       ; 2       ;
; DHT11:SENSOR|read_flag                  ; 2       ;
; main_state_machine:MAQUINA_ESTADOS|idle ; 3       ;
; Total number of inverted registers = 12 ;         ;
+-----------------------------------------+---------+


+-------------------------------------------------------------------------------------------------------------------------------------------------------------+
; Multiplexer Restructuring Statistics (Restructuring Performed)                                                                                              ;
+--------------------+-----------+---------------+----------------------+------------------------+------------+-----------------------------------------------+
; Multiplexer Inputs ; Bus Width ; Baseline Area ; Area if Restructured ; Saving if Restructured ; Registered ; Example Multiplexer Output                    ;
+--------------------+-----------+---------------+----------------------+------------------------+------------+-----------------------------------------------+
; 3:1                ; 3 bits    ; 6 LEs         ; 3 LEs                ; 3 LEs                  ; Yes        ; |main|send_pc:ENVIA_PC|count[2]               ;
; 4:1                ; 2 bits    ; 4 LEs         ; 4 LEs                ; 0 LEs                  ; Yes        ; |main|packer:ORGANIZADOR|BYTE1[0]             ;
; 4:1                ; 32 bits   ; 64 LEs        ; 32 LEs               ; 32 LEs                 ; Yes        ; |main|DHT11:SENSOR|data[9]                    ;
; 5:1                ; 4 bits    ; 12 LEs        ; 12 LEs               ; 0 LEs                  ; Yes        ; |main|packer:ORGANIZADOR|BYTE2[3]             ;
; 5:1                ; 3 bits    ; 9 LEs         ; 9 LEs                ; 0 LEs                  ; Yes        ; |main|packer:ORGANIZADOR|BYTE2[6]             ;
; 5:1                ; 4 bits    ; 12 LEs        ; 4 LEs                ; 8 LEs                  ; Yes        ; |main|uart:UART|receiver:uart_rx|bitpos[0]    ;
; 10:1               ; 2 bits    ; 12 LEs        ; 4 LEs                ; 8 LEs                  ; Yes        ; |main|send_pc:ENVIA_PC|DONE                   ;
; 5:1                ; 3 bits    ; 9 LEs         ; 3 LEs                ; 6 LEs                  ; Yes        ; |main|uart:UART|transmitter:uart_tx|bitpos[0] ;
; 6:1                ; 4 bits    ; 16 LEs        ; 16 LEs               ; 0 LEs                  ; Yes        ; |main|packer:ORGANIZADOR|BYTE3[2]             ;
; 6:1                ; 3 bits    ; 12 LEs        ; 12 LEs               ; 0 LEs                  ; Yes        ; |main|packer:ORGANIZADOR|BYTE3[6]             ;
; 6:1                ; 4 bits    ; 16 LEs        ; 4 LEs                ; 12 LEs                 ; Yes        ; |main|uart:UART|receiver:uart_rx|sample[3]    ;
; 7:1                ; 6 bits    ; 24 LEs        ; 6 LEs                ; 18 LEs                 ; Yes        ; |main|DHT11:SENSOR|data_cnt[2]                ;
; 11:1               ; 16 bits   ; 112 LEs       ; 16 LEs               ; 96 LEs                 ; Yes        ; |main|DHT11:SENSOR|cnt[3]                     ;
; 5:1                ; 3 bits    ; 9 LEs         ; 6 LEs                ; 3 LEs                  ; Yes        ; |main|send_pc:ENVIA_PC|RESPONSE_DATA[7]       ;
; 8:1                ; 5 bits    ; 25 LEs        ; 10 LEs               ; 15 LEs                 ; Yes        ; |main|send_pc:ENVIA_PC|RESPONSE_DATA[4]       ;
; 7:1                ; 3 bits    ; 12 LEs        ; 6 LEs                ; 6 LEs                  ; No         ; |main|uart:UART|receiver:uart_rx|state        ;
; 6:1                ; 2 bits    ; 8 LEs         ; 4 LEs                ; 4 LEs                  ; No         ; |main|uart:UART|transmitter:uart_tx|Selector3 ;
; 8:1                ; 2 bits    ; 10 LEs        ; 4 LEs                ; 6 LEs                  ; No         ; |main|uart:UART|transmitter:uart_tx|Selector2 ;
; 11:1               ; 3 bits    ; 21 LEs        ; 12 LEs               ; 9 LEs                  ; No         ; |main|DHT11:SENSOR|Selector3                  ;
; 12:1               ; 2 bits    ; 16 LEs        ; 8 LEs                ; 8 LEs                  ; No         ; |main|DHT11:SENSOR|Selector10                 ;
+--------------------+-----------+---------------+----------------------+------------------------+------------+-----------------------------------------------+


+--------------------------------------------------------------------------------+
; Parameter Settings for User Entity Instance: uart:UART|baud_rate_gen:uart_baud ;
+----------------+-------+-------------------------------------------------------+
; Parameter Name ; Value ; Type                                                  ;
+----------------+-------+-------------------------------------------------------+
; RX_ACC_MAX     ; 325   ; Signed Integer                                        ;
; TX_ACC_MAX     ; 5208  ; Signed Integer                                        ;
; RX_ACC_WIDTH   ; 9     ; Signed Integer                                        ;
; TX_ACC_WIDTH   ; 13    ; Signed Integer                                        ;
+----------------+-------+-------------------------------------------------------+
Note: In order to hide this table in the UI and the text report file, please set the "Show Parameter Settings in Synthesis Report" option in "Analysis and Synthesis Settings -> More Settings" to "Off".


+----------------------------------------------------------------------------+
; Parameter Settings for User Entity Instance: uart:UART|transmitter:uart_tx ;
+----------------+-------+---------------------------------------------------+
; Parameter Name ; Value ; Type                                              ;
+----------------+-------+---------------------------------------------------+
; STATE_IDLE     ; 00    ; Unsigned Binary                                   ;
; STATE_START    ; 01    ; Unsigned Binary                                   ;
; STATE_DATA     ; 10    ; Unsigned Binary                                   ;
; STATE_STOP     ; 11    ; Unsigned Binary                                   ;
+----------------+-------+---------------------------------------------------+
Note: In order to hide this table in the UI and the text report file, please set the "Show Parameter Settings in Synthesis Report" option in "Analysis and Synthesis Settings -> More Settings" to "Off".


+-------------------------------------------------------------------------+
; Parameter Settings for User Entity Instance: uart:UART|receiver:uart_rx ;
+----------------+-------+------------------------------------------------+
; Parameter Name ; Value ; Type                                           ;
+----------------+-------+------------------------------------------------+
; RX_STATE_START ; 00    ; Unsigned Binary                                ;
; RX_STATE_DATA  ; 01    ; Unsigned Binary                                ;
; RX_STATE_STOP  ; 10    ; Unsigned Binary                                ;
+----------------+-------+------------------------------------------------+
Note: In order to hide this table in the UI and the text report file, please set the "Show Parameter Settings in Synthesis Report" option in "Analysis and Synthesis Settings -> More Settings" to "Off".


+------------------------------------------------------------------------------------------------------------------------------------------------------+
; Port Connectivity Checks: "main_state_machine:MAQUINA_ESTADOS"                                                                                       ;
+-------+--------+----------+--------------------------------------------------------------------------------------------------------------------------+
; Port  ; Type   ; Severity ; Details                                                                                                                  ;
+-------+--------+----------+--------------------------------------------------------------------------------------------------------------------------+
; state ; Output ; Warning  ; Output or bidir port (2 bits) is wider than the port expression (1 bits) it drives; bit(s) "state[1..1]" have no fanouts ;
; state ; Output ; Info     ; Connected to dangling logic. Logic that only feeds a dangling port will be removed.                                      ;
+-------+--------+----------+--------------------------------------------------------------------------------------------------------------------------+


+---------------------------------------------------------+
; Port Connectivity Checks: "request_separator:SEPARADOR" ;
+------+--------+----------+------------------------------+
; Port ; Type   ; Severity ; Details                      ;
+------+--------+----------+------------------------------+
; ADDR ; Output ; Info     ; Explicitly unconnected       ;
+------+--------+----------+------------------------------+


+-------------------------------------------------------------------------------------------------------------------------------------------------------------------------------------------------------------------+
; Port Connectivity Checks: "DHT11:SENSOR"                                                                                                                                                                          ;
+-----------+-------+----------+------------------------------------------------------------------------------------------------------------------------------------------------------------------------------------+
; Port      ; Type  ; Severity ; Details                                                                                                                                                                            ;
+-----------+-------+----------+------------------------------------------------------------------------------------------------------------------------------------------------------------------------------------+
; start     ; Input ; Warning  ; Input port expression (32 bits) is wider than the input port (1 bits) it drives.  The 31 most-significant bit(s) in the expression will be dangling if they have no other fanouts. ;
; start[-1] ; Input ; Info     ; Stuck at VCC                                                                                                                                                                       ;
+-----------+-------+----------+------------------------------------------------------------------------------------------------------------------------------------------------------------------------------------+


+-----------------------------------------------------+
; Port Connectivity Checks: "uart:UART"               ;
+---------+-------+----------+------------------------+
; Port    ; Type  ; Severity ; Details                ;
+---------+-------+----------+------------------------+
; rdy_clr ; Input ; Info     ; Explicitly unconnected ;
+---------+-------+----------+------------------------+


+-----------------------------------------------------+
; Post-Synthesis Netlist Statistics for Top Partition ;
+-----------------------+-----------------------------+
; Type                  ; Count                       ;
+-----------------------+-----------------------------+
; boundary_port         ; 4                           ;
; cycloneiii_ff         ; 245                         ;
;     CLR               ; 17                          ;
;     ENA               ; 90                          ;
;     ENA CLR           ; 41                          ;
;     ENA CLR SCLR      ; 22                          ;
;     plain             ; 75                          ;
; cycloneiii_io_obuf    ; 1                           ;
; cycloneiii_lcell_comb ; 364                         ;
;     arith             ; 67                          ;
;         2 data inputs ; 67                          ;
;     normal            ; 297                         ;
;         1 data inputs ; 19                          ;
;         2 data inputs ; 53                          ;
;         3 data inputs ; 77                          ;
;         4 data inputs ; 148                         ;
;                       ;                             ;
; Max LUT depth         ; 8.00                        ;
; Average LUT depth     ; 3.27                        ;
+-----------------------+-----------------------------+


+-------------------------------+
; Elapsed Time Per Partition    ;
+----------------+--------------+
; Partition Name ; Elapsed Time ;
+----------------+--------------+
; Top            ; 00:00:01     ;
+----------------+--------------+


+-------------------------------+
; Analysis & Synthesis Messages ;
+-------------------------------+
Info: *******************************************************************
Info: Running Quartus Prime Analysis & Synthesis
    Info: Version 22.1std.2 Build 922 07/20/2023 SC Lite Edition
    Info: Processing started: Tue Sep 26 02:52:32 2023
Info: Command: quartus_map --read_settings_files=on --write_settings_files=off SensorDigital -c SensorDigital
Warning (18236): Number of processors has not been specified which may cause overloading on shared machines.  Set the global assignment NUM_PARALLEL_PROCESSORS in your QSF to an appropriate value for best performance.
Info (20030): Parallel compilation is enabled and will use 6 of the 6 processors detected
Info (12021): Found 1 design units, including 1 entities, in source file baud_rate_gen.v
    Info (12023): Found entity 1: baud_rate_gen File: C:/Users/vitin/OneDrive/Documentos/GitHub/Sensor-Digital-em-FPGA-utilizando-Comunicacao-Serial/baud_rate_gen.v Line: 23
Info (12021): Found 1 design units, including 1 entities, in source file receiver.v
    Info (12023): Found entity 1: receiver File: C:/Users/vitin/OneDrive/Documentos/GitHub/Sensor-Digital-em-FPGA-utilizando-Comunicacao-Serial/receiver.v Line: 15
Info (12021): Found 1 design units, including 1 entities, in source file transmitter.v
    Info (12023): Found entity 1: transmitter File: C:/Users/vitin/OneDrive/Documentos/GitHub/Sensor-Digital-em-FPGA-utilizando-Comunicacao-Serial/transmitter.v Line: 15
Info (12021): Found 1 design units, including 1 entities, in source file uart.v
    Info (12023): Found entity 1: uart File: C:/Users/vitin/OneDrive/Documentos/GitHub/Sensor-Digital-em-FPGA-utilizando-Comunicacao-Serial/uart.v Line: 18
Info (12021): Found 1 design units, including 1 entities, in source file data_selector.v
    Info (12023): Found entity 1: data_selector File: C:/Users/vitin/OneDrive/Documentos/GitHub/Sensor-Digital-em-FPGA-utilizando-Comunicacao-Serial/data_selector.v Line: 6
Info (12021): Found 1 design units, including 1 entities, in source file dht11.v
    Info (12023): Found entity 1: DHT11 File: C:/Users/vitin/OneDrive/Documentos/GitHub/Sensor-Digital-em-FPGA-utilizando-Comunicacao-Serial/DHT11.v Line: 17
Info (12021): Found 1 design units, including 1 entities, in source file instr_decoder.v
    Info (12023): Found entity 1: instr_decoder File: C:/Users/vitin/OneDrive/Documentos/GitHub/Sensor-Digital-em-FPGA-utilizando-Comunicacao-Serial/instr_decoder.v Line: 9
Info (12021): Found 1 design units, including 1 entities, in source file main.v
    Info (12023): Found entity 1: main File: C:/Users/vitin/OneDrive/Documentos/GitHub/Sensor-Digital-em-FPGA-utilizando-Comunicacao-Serial/main.v Line: 1
Info (12021): Found 1 design units, including 1 entities, in source file main_state_machine.v
    Info (12023): Found entity 1: main_state_machine File: C:/Users/vitin/OneDrive/Documentos/GitHub/Sensor-Digital-em-FPGA-utilizando-Comunicacao-Serial/main_state_machine.v Line: 10
Info (12021): Found 1 design units, including 1 entities, in source file packer.v
    Info (12023): Found entity 1: packer File: C:/Users/vitin/OneDrive/Documentos/GitHub/Sensor-Digital-em-FPGA-utilizando-Comunicacao-Serial/packer.v Line: 4
Info (12021): Found 1 design units, including 1 entities, in source file request_separator.v
    Info (12023): Found entity 1: request_separator File: C:/Users/vitin/OneDrive/Documentos/GitHub/Sensor-Digital-em-FPGA-utilizando-Comunicacao-Serial/request_separator.v Line: 6
Info (12021): Found 1 design units, including 1 entities, in source file send_pc.v
    Info (12023): Found entity 1: send_pc File: C:/Users/vitin/OneDrive/Documentos/GitHub/Sensor-Digital-em-FPGA-utilizando-Comunicacao-Serial/send_pc.v Line: 4
Warning (10236): Verilog HDL Implicit Net warning at main.v(68): created implicit net for "state" File: C:/Users/vitin/OneDrive/Documentos/GitHub/Sensor-Digital-em-FPGA-utilizando-Comunicacao-Serial/main.v Line: 68
Info (12127): Elaborating entity "main" for the top level hierarchy
Info (12128): Elaborating entity "uart" for hierarchy "uart:UART" File: C:/Users/vitin/OneDrive/Documentos/GitHub/Sensor-Digital-em-FPGA-utilizando-Comunicacao-Serial/main.v Line: 30
Info (12128): Elaborating entity "baud_rate_gen" for hierarchy "uart:UART|baud_rate_gen:uart_baud" File: C:/Users/vitin/OneDrive/Documentos/GitHub/Sensor-Digital-em-FPGA-utilizando-Comunicacao-Serial/uart.v Line: 34
Info (12128): Elaborating entity "transmitter" for hierarchy "uart:UART|transmitter:uart_tx" File: C:/Users/vitin/OneDrive/Documentos/GitHub/Sensor-Digital-em-FPGA-utilizando-Comunicacao-Serial/uart.v Line: 41
Info (12128): Elaborating entity "receiver" for hierarchy "uart:UART|receiver:uart_rx" File: C:/Users/vitin/OneDrive/Documentos/GitHub/Sensor-Digital-em-FPGA-utilizando-Comunicacao-Serial/uart.v Line: 48
Info (12128): Elaborating entity "DHT11" for hierarchy "DHT11:SENSOR" File: C:/Users/vitin/OneDrive/Documentos/GitHub/Sensor-Digital-em-FPGA-utilizando-Comunicacao-Serial/main.v Line: 44
Warning (10230): Verilog HDL assignment warning at DHT11.v(101): truncated value with size 32 to match size of target (6) File: C:/Users/vitin/OneDrive/Documentos/GitHub/Sensor-Digital-em-FPGA-utilizando-Comunicacao-Serial/DHT11.v Line: 101
Warning (10230): Verilog HDL assignment warning at DHT11.v(254): truncated value with size 41 to match size of target (40) File: C:/Users/vitin/OneDrive/Documentos/GitHub/Sensor-Digital-em-FPGA-utilizando-Comunicacao-Serial/DHT11.v Line: 254
Warning (10230): Verilog HDL assignment warning at DHT11.v(257): truncated value with size 41 to match size of target (40) File: C:/Users/vitin/OneDrive/Documentos/GitHub/Sensor-Digital-em-FPGA-utilizando-Comunicacao-Serial/DHT11.v Line: 257
Warning (10230): Verilog HDL assignment warning at DHT11.v(307): truncated value with size 32 to match size of target (23) File: C:/Users/vitin/OneDrive/Documentos/GitHub/Sensor-Digital-em-FPGA-utilizando-Comunicacao-Serial/DHT11.v Line: 307
Info (12128): Elaborating entity "instr_decoder" for hierarchy "instr_decoder:DECODIFICADOR" File: C:/Users/vitin/OneDrive/Documentos/GitHub/Sensor-Digital-em-FPGA-utilizando-Comunicacao-Serial/main.v Line: 51
Warning (10230): Verilog HDL assignment warning at instr_decoder.v(25): truncated value with size 32 to match size of target (1) File: C:/Users/vitin/OneDrive/Documentos/GitHub/Sensor-Digital-em-FPGA-utilizando-Comunicacao-Serial/instr_decoder.v Line: 25
Warning (10230): Verilog HDL assignment warning at instr_decoder.v(31): truncated value with size 32 to match size of target (1) File: C:/Users/vitin/OneDrive/Documentos/GitHub/Sensor-Digital-em-FPGA-utilizando-Comunicacao-Serial/instr_decoder.v Line: 31
Info (12128): Elaborating entity "request_separator" for hierarchy "request_separator:SEPARADOR" File: C:/Users/vitin/OneDrive/Documentos/GitHub/Sensor-Digital-em-FPGA-utilizando-Comunicacao-Serial/main.v Line: 60
Info (12128): Elaborating entity "main_state_machine" for hierarchy "main_state_machine:MAQUINA_ESTADOS" File: C:/Users/vitin/OneDrive/Documentos/GitHub/Sensor-Digital-em-FPGA-utilizando-Comunicacao-Serial/main.v Line: 73
Info (12128): Elaborating entity "data_selector" for hierarchy "data_selector:SELETOR" File: C:/Users/vitin/OneDrive/Documentos/GitHub/Sensor-Digital-em-FPGA-utilizando-Comunicacao-Serial/main.v Line: 84
Info (12128): Elaborating entity "packer" for hierarchy "packer:ORGANIZADOR" File: C:/Users/vitin/OneDrive/Documentos/GitHub/Sensor-Digital-em-FPGA-utilizando-Comunicacao-Serial/main.v Line: 97
Info (12128): Elaborating entity "send_pc" for hierarchy "send_pc:ENVIA_PC" File: C:/Users/vitin/OneDrive/Documentos/GitHub/Sensor-Digital-em-FPGA-utilizando-Comunicacao-Serial/main.v Line: 109
Warning (12241): 2 hierarchies have connectivity warnings - see the Connectivity Checks report folder
Info (13000): Registers with preset signals will power-up high File: C:/Users/vitin/OneDrive/Documentos/GitHub/Sensor-Digital-em-FPGA-utilizando-Comunicacao-Serial/DHT11.v Line: 32
Info (13003): DEV_CLRn pin will set, and not reset, register with preset signal due to NOT Gate Push-Back
Warning (13004): Presettable and clearable registers converted to equivalent circuits with latches. Registers power-up to an undefined state, and DEVCLRn places the registers in an undefined state.
    Warning (13310): Register "request_separator:SEPARADOR|DONE_OUT" is converted into an equivalent circuit using register "request_separator:SEPARADOR|DONE_OUT~_emulated" and latch "request_separator:SEPARADOR|DONE_OUT~1" File: C:/Users/vitin/OneDrive/Documentos/GitHub/Sensor-Digital-em-FPGA-utilizando-Comunicacao-Serial/request_separator.v Line: 14
Info (286030): Timing-Driven Synthesis is running
Info (17049): 6 registers lost all their fanouts during netlist optimizations.
Info (144001): Generated suppressed messages file C:/Users/vitin/OneDrive/Documentos/GitHub/Sensor-Digital-em-FPGA-utilizando-Comunicacao-Serial/output_files/SensorDigital.map.smsg
Info (16010): Generating hard_block partition "hard_block:auto_generated_inst"
    Info (16011): Adding 0 node(s), including 0 DDIO, 0 PLL, 0 transceiver and 0 LCELL
Info (21057): Implemented 424 device resources after synthesis - the final resource count might be different
    Info (21058): Implemented 2 input pins
    Info (21059): Implemented 1 output pins
    Info (21060): Implemented 1 bidirectional pins
    Info (21061): Implemented 420 logic cells
Info: Quartus Prime Analysis & Synthesis was successful. 0 errors, 11 warnings
    Info: Peak virtual memory: 4794 megabytes
    Info: Processing ended: Tue Sep 26 02:52:43 2023
    Info: Elapsed time: 00:00:11
    Info: Total CPU time (on all processors): 00:00:15


+------------------------------------------+
; Analysis & Synthesis Suppressed Messages ;
+------------------------------------------+
The suppressed messages can be found in C:/Users/vitin/OneDrive/Documentos/GitHub/Sensor-Digital-em-FPGA-utilizando-Comunicacao-Serial/output_files/SensorDigital.map.smsg.


